// Jest Snapshot v1, https://goo.gl/fbAQLP

exports[`RegistrarUsuario test Should match snapshot 1`] = `
<div>
  <div
    class="sc-gsTCUz dMLA-DA"
  >
    <form
      class="sc-dlfnbm iacxvT"
    >
      <h2>
        Registrar usuario
      </h2>
      <input
        class="sc-eCssSg kaQcav"
        name="nombre"
        placeholder="Nombre de usuario"
        value=""
      />
      <input
        class="sc-eCssSg kaQcav"
        name="clave"
        placeholder="Password"
        type="password"
        value=""
      />
      <button
        class="sc-hKgILt jeedHa"
        type="submit"
      >
        Registrar
      </button>
    </form>
  </div>
</div>
`;
